Test Weights1: max path length = 32
Creating Symbols:
Sym(0 10)
Sym(1 1)
Sym(2 100)
Sym(3 5)
Sym(4 9)
Sym(5 54)
Sym(6 150)
Huffman encoding:
sel(5)
  sel(4)
    Sym(2 100 0x0:2)
    sel(3)
      Sym(5 54 0x2:3)
      sel(2)
        sel(1)
          Sym(4 9 0x6:5)
          sel(0)
            Sym(3 5 0x16:6)
            Sym(1 1 0x36:6)
        Sym(0 10 0xe:4)
  Sym(6 150 0x1:1)
Test Weights1: max path length = 3
Creating Symbols:
Sym(0 10)
Sym(1 1)
Sym(2 100)
Sym(3 5)
Sym(4 9)
Sym(5 54)
Sym(6 150)
Huffman encoding:
sel(11)
  sel(10)
    Sym(6 150 0x0:2)
    sel(8)
      Sym(2 100 0x2:3)
      Sym(5 54 0x6:3)
  sel(9)
    sel(7)
      Sym(0 10 0x1:3)
      Sym(4 9 0x5:3)
    sel(6)
      Sym(3 5 0x3:3)
      Sym(1 1 0x7:3)
Test Weights2: max path length = 32
Creating Symbols:
Sym(0 1)
Sym(1 1)
Sym(2 1)
Sym(3 2)
Sym(4 2)
Sym(5 3)
Sym(6 5)
Sym(7 7)
Sym(8 9)
Sym(9 11)
Sym(10 15)
Sym(11 25)
Sym(12 32)
Sym(13 38)
Sym(14 64)
Sym(15 69)
Sym(16 75)
Sym(17 101)
Sym(18 105)
Sym(19 110)
Sym(20 150)
Sym(21 200)
Sym(22 600)
Sym(23 1201)
Sym(24 1503)
Sym(25 4200)
Sym(26 4600)
Sym(27 7012)
Sym(28 10000)
Sym(29 11000)
Sym(30 13000)
Sym(31 14000)
Sym(32 20000)
Huffman encoding:
sel(31)
  sel(30)
    sel(28)
      Sym(31 14000 0x0:3)
      Sym(30 13000 0x4:3)
    sel(27)
      sel(25)
        Sym(27 7012 0x2:4)
        Sym(26 4600 0xa:4)
      Sym(29 11000 0x6:3)
  sel(29)
    Sym(32 20000 0x1:2)
    sel(26)
      Sym(28 10000 0x3:3)
      sel(24)
        sel(23)
          sel(22)
            Sym(24 1503 0x7:6)
            Sym(23 1201 0x27:6)
          sel(21)
            sel(20)
              Sym(22 600 0x17:7)
              sel(18)
                sel(15)
                  Sym(19 110 0x57:9)
                  Sym(18 105 0x157:9)
                Sym(21 200 0xd7:8)
            sel(19)
              sel(17)
                sel(14)
                  Sym(17 101 0x37:9)
                  sel(11)
                    sel(9)
                      Sym(11 25 0x137:11)
                      sel(7)
                        sel(5)
                          Sym(7 7 0x537:13)
                          sel(3)
                            Sym(5 3 0x1537:14)
                            sel(1)
                              sel(0)
                                Sym(1 1 0x3537:16)
                                Sym(0 1 0xb537:16)
                              Sym(2 1 0x7537:15)
                        Sym(9 11 0xd37:12)
                    Sym(13 38 0x337:10)
                Sym(20 150 0xb7:8)
              sel(16)
                sel(13)
                  Sym(16 75 0x77:9)
                  Sym(15 69 0x177:9)
                sel(12)
                  sel(10)
                    sel(8)
                      sel(6)
                        Sym(8 9 0xf7:12)
                        sel(4)
                          Sym(6 5 0x8f7:13)
                          sel(2)
                            Sym(4 2 0x18f7:14)
                            Sym(3 2 0x38f7:14)
                      Sym(10 15 0x4f7:11)
                    Sym(12 32 0x2f7:10)
                  Sym(14 64 0x1f7:9)
        Sym(25 4200 0xf:4)
Test Weights2: max path length = 6
Creating Symbols:
Sym(0 1)
Sym(1 1)
Sym(2 1)
Sym(3 2)
Sym(4 2)
Sym(5 3)
Sym(6 5)
Sym(7 7)
Sym(8 9)
Sym(9 11)
Sym(10 15)
Sym(11 25)
Sym(12 32)
Sym(13 38)
Sym(14 64)
Sym(15 69)
Sym(16 75)
Sym(17 101)
Sym(18 105)
Sym(19 110)
Sym(20 150)
Sym(21 200)
Sym(22 600)
Sym(23 1201)
Sym(24 1503)
Sym(25 4200)
Sym(26 4600)
Sym(27 7012)
Sym(28 10000)
Sym(29 11000)
Sym(30 13000)
Sym(31 14000)
Sym(32 20000)
Huffman encoding:
sel(31)
  sel(30)
    sel(28)
      Sym(31 14000 0x0:3)
      Sym(30 13000 0x4:3)
    sel(27)
      sel(25)
        Sym(27 7012 0x2:4)
        Sym(26 4600 0xa:4)
      Sym(29 11000 0x6:3)
  sel(58)
    sel(57)
      sel(52)
        sel(45)
          Sym(32 20000 0x1:5)
          Sym(28 10000 0x11:5)
        sel(44)
          Sym(25 4200 0x9:5)
          Sym(24 1503 0x19:5)
      sel(55)
        sel(51)
          sel(43)
            Sym(23 1201 0x5:6)
            Sym(22 600 0x25:6)
          sel(42)
            Sym(21 200 0x15:6)
            Sym(20 150 0x35:6)
        sel(50)
          sel(41)
            Sym(19 110 0xd:6)
            Sym(18 105 0x2d:6)
          sel(40)
            Sym(17 101 0x1d:6)
            Sym(16 75 0x3d:6)
    sel(56)
      sel(54)
        sel(49)
          sel(39)
            Sym(15 69 0x3:6)
            Sym(14 64 0x23:6)
          sel(38)
            Sym(13 38 0x13:6)
            Sym(12 32 0x33:6)
        sel(48)
          sel(37)
            Sym(11 25 0xb:6)
            Sym(10 15 0x2b:6)
          sel(36)
            Sym(9 11 0x1b:6)
            Sym(8 9 0x3b:6)
      sel(53)
        sel(47)
          sel(35)
            Sym(7 7 0x7:6)
            Sym(6 5 0x27:6)
          sel(34)
            Sym(5 3 0x17:6)
            Sym(4 2 0x37:6)
        sel(46)
          sel(33)
            Sym(3 2 0xf:6)
            Sym(2 1 0x2f:6)
          sel(32)
            Sym(1 1 0x1f:6)
            Sym(0 1 0x3f:6)
